#! /usr/local/Cellar/icarus-verilog/13.0/bin/vvp
:ivl_version "13.0 (stable)" "(v13_0)";
:ivl_delay_selection "TYPICAL";
:vpi_time_precision - 12;
:vpi_module "/usr/local/Cellar/icarus-verilog/13.0/lib/ivl/system.vpi";
:vpi_module "/usr/local/Cellar/icarus-verilog/13.0/lib/ivl/vhdl_sys.vpi";
:vpi_module "/usr/local/Cellar/icarus-verilog/13.0/lib/ivl/vhdl_textio.vpi";
:vpi_module "/usr/local/Cellar/icarus-verilog/13.0/lib/ivl/v2005_math.vpi";
:vpi_module "/usr/local/Cellar/icarus-verilog/13.0/lib/ivl/va_math.vpi";
S_0x7fe37f00cec0 .scope module, "tb_adaptive_sonar" "tb_adaptive_sonar" 2 13;
 .timescale -9 -12;
v0x7fe37f01fd00_0 .var "clk", 0 0;
v0x7fe37f01fda0_0 .var "depth", 7 0;
v0x7fe37f01fe40_0 .var "noise_level", 7 0;
v0x7fe37f01ff10_0 .net "rom_addr_debug", 4 0, L_0x7fe37f0205b0;  1 drivers
v0x7fe37f01ffe0_0 .var "rst", 0 0;
v0x7fe37f0200b0_0 .var "salinity", 7 0;
v0x7fe37f020180_0 .net/s "sample_out", 7 0, v0x7fe37f01e180_0;  1 drivers
v0x7fe37f020210_0 .net "sample_valid", 0 0, v0x7fe37f01e230_0;  1 drivers
v0x7fe37f0202e0_0 .net "waveform_mode", 1 0, v0x7fe37f01f030_0;  1 drivers
S_0x7fe37f00d030 .scope module, "dut" "adaptive_sonar_top" 2 24, 3 9 0, S_0x7fe37f00cec0;
 .timescale 0 0;
    .port_info 0 /INPUT 1 "clk";
    .port_info 1 /INPUT 1 "rst";
    .port_info 2 /INPUT 8 "depth";
    .port_info 3 /INPUT 8 "salinity";
    .port_info 4 /INPUT 8 "noise_level";
    .port_info 5 /OUTPUT 8 "sample_out";
    .port_info 6 /OUTPUT 1 "sample_valid";
    .port_info 7 /OUTPUT 2 "waveform_mode";
    .port_info 8 /OUTPUT 5 "rom_addr_debug";
P_0x7fe37f00cb60 .param/l "FREQ_WIDTH" 0 3 10, +C4<00000000000000000000000000011000>;
P_0x7fe37f00cba0 .param/l "SAMPLE_WIDTH" 0 3 12, +C4<00000000000000000000000000001000>;
P_0x7fe37f00cbe0 .param/l "SENSOR_WIDTH" 0 3 11, +C4<00000000000000000000000000001000>;
v0x7fe37f01f1d0_0 .net "amplitude", 7 0, v0x7fe37f01ea10_0;  1 drivers
v0x7fe37f01f2a0_0 .net/s "chirp_rate", 23 0, v0x7fe37f01eac0_0;  1 drivers
v0x7fe37f01f330_0 .net "clk", 0 0, v0x7fe37f01fd00_0;  1 drivers
v0x7fe37f01f400_0 .net "depth", 7 0, v0x7fe37f01fda0_0;  1 drivers
v0x7fe37f01f490_0 .net "freq_word", 23 0, v0x7fe37f01ec70_0;  1 drivers
v0x7fe37f01f5a0_0 .net "noise_level", 7 0, v0x7fe37f01fe40_0;  1 drivers
v0x7fe37f01f630_0 .var "pulse_counter", 15 0;
v0x7fe37f01f6c0_0 .net "pulse_enable", 0 0, L_0x7fe37f0203f0;  1 drivers
v0x7fe37f01f750_0 .net "pulse_width", 15 0, v0x7fe37f01edd0_0;  1 drivers
v0x7fe37f01f860_0 .net "rom_addr_debug", 4 0, L_0x7fe37f0205b0;  alias, 1 drivers
v0x7fe37f01f8f0_0 .net "rst", 0 0, v0x7fe37f01ffe0_0;  1 drivers
v0x7fe37f01f9c0_0 .net "salinity", 7 0, v0x7fe37f0200b0_0;  1 drivers
v0x7fe37f01fa50_0 .net/s "sample_out", 7 0, v0x7fe37f01e180_0;  alias, 1 drivers
v0x7fe37f01fae0_0 .net "sample_valid", 0 0, v0x7fe37f01e230_0;  alias, 1 drivers
v0x7fe37f01fb90_0 .net "waveform_mode", 1 0, v0x7fe37f01f030_0;  alias, 1 drivers
L_0x7fe37f0203f0 .cmp/gt 16, v0x7fe37f01edd0_0, v0x7fe37f01f630_0;
S_0x7fe37f00d450 .scope module, "u_dds" "dds_waveform_gen" 3 46, 4 10 0, S_0x7fe37f00d030;
 .timescale 0 0;
    .port_info 0 /INPUT 1 "clk";
    .port_info 1 /INPUT 1 "rst";
    .port_info 2 /INPUT 1 "enable";
    .port_info 3 /INPUT 24 "freq_word";
    .port_info 4 /INPUT 24 "chirp_rate";
    .port_info 5 /INPUT 8 "amplitude";
    .port_info 6 /OUTPUT 8 "sample_out";
    .port_info 7 /OUTPUT 1 "sample_valid";
    .port_info 8 /OUTPUT 5 "rom_addr_debug";
P_0x7fe37f00d610 .param/l "FREQ_WIDTH" 0 4 11, +C4<00000000000000000000000000011000>;
P_0x7fe37f00d650 .param/l "ROM_ADDR_BITS" 0 4 12, +C4<00000000000000000000000000000101>;
P_0x7fe37f00d690 .param/l "SAMPLE_WIDTH" 0 4 13, +C4<00000000000000000000000000001000>;
L_0x7fe37f0205b0 .functor BUFZ 5, L_0x7fe37f020510, C4<00000>, C4<00000>, C4<00000>;
v0x7fe37f00d9e0_0 .net "amplitude", 7 0, v0x7fe37f01ea10_0;  alias, 1 drivers
v0x7fe37f01daa0_0 .net/s "chirp_rate", 23 0, v0x7fe37f01eac0_0;  alias, 1 drivers
v0x7fe37f01db40_0 .net "clk", 0 0, v0x7fe37f01fd00_0;  alias, 1 drivers
v0x7fe37f01dbd0_0 .net "enable", 0 0, L_0x7fe37f0203f0;  alias, 1 drivers
v0x7fe37f01dc60_0 .net "freq_word", 23 0, v0x7fe37f01ec70_0;  alias, 1 drivers
v0x7fe37f01dd10_0 .var "freq_word_current", 23 0;
v0x7fe37f01ddc0_0 .var "phase_acc", 23 0;
v0x7fe37f01de70_0 .net "rom_addr", 4 0, L_0x7fe37f020510;  1 drivers
v0x7fe37f01df20_0 .net "rom_addr_debug", 4 0, L_0x7fe37f0205b0;  alias, 1 drivers
v0x7fe37f01e030_0 .var/s "rom_value", 7 0;
v0x7fe37f01e0e0_0 .net "rst", 0 0, v0x7fe37f01ffe0_0;  alias, 1 drivers
v0x7fe37f01e180_0 .var/s "sample_out", 7 0;
v0x7fe37f01e230_0 .var "sample_valid", 0 0;
E_0x7fe37f00d960 .event posedge, v0x7fe37f01e0e0_0, v0x7fe37f01db40_0;
E_0x7fe37f00d9a0 .event anyedge, v0x7fe37f01de70_0;
L_0x7fe37f020510 .part v0x7fe37f01ddc0_0, 19, 5;
S_0x7fe37f01e3b0 .scope module, "u_param" "param_controller" 3 36, 5 11 0, S_0x7fe37f00d030;
 .timescale 0 0;
    .port_info 0 /INPUT 1 "clk";
    .port_info 1 /INPUT 1 "rst";
    .port_info 2 /INPUT 8 "depth";
    .port_info 3 /INPUT 8 "salinity";
    .port_info 4 /INPUT 8 "noise_level";
    .port_info 5 /OUTPUT 24 "freq_word";
    .port_info 6 /OUTPUT 24 "chirp_rate";
    .port_info 7 /OUTPUT 8 "amplitude";
    .port_info 8 /OUTPUT 16 "pulse_width";
    .port_info 9 /OUTPUT 2 "waveform_mode";
P_0x7fe37f01e520 .param/l "DEPTH_DEEP" 1 5 30, C4<10100000>;
P_0x7fe37f01e560 .param/l "FREQ_WIDTH" 0 5 12, +C4<00000000000000000000000000011000>;
P_0x7fe37f01e5a0 .param/l "NOISE_HIGH" 1 5 31, C4<10010110>;
P_0x7fe37f01e5e0 .param/l "SALINITY_HIGH" 1 5 32, C4<10110100>;
P_0x7fe37f01e620 .param/l "SENSOR_WIDTH" 0 5 13, +C4<00000000000000000000000000001000>;
v0x7fe37f01ea10_0 .var "amplitude", 7 0;
v0x7fe37f01eac0_0 .var/s "chirp_rate", 23 0;
v0x7fe37f01eb50_0 .net "clk", 0 0, v0x7fe37f01fd00_0;  alias, 1 drivers
v0x7fe37f01ebe0_0 .net "depth", 7 0, v0x7fe37f01fda0_0;  alias, 1 drivers
v0x7fe37f01ec70_0 .var "freq_word", 23 0;
v0x7fe37f01ed40_0 .net "noise_level", 7 0, v0x7fe37f01fe40_0;  alias, 1 drivers
v0x7fe37f01edd0_0 .var "pulse_width", 15 0;
v0x7fe37f01ee60_0 .net "rst", 0 0, v0x7fe37f01ffe0_0;  alias, 1 drivers
v0x7fe37f01ef10_0 .net "salinity", 7 0, v0x7fe37f0200b0_0;  alias, 1 drivers
v0x7fe37f01f030_0 .var "waveform_mode", 1 0;
    .scope S_0x7fe37f01e3b0;
T_0 ;
    %wait E_0x7fe37f00d960;
    %load/vec4 v0x7fe37f01ee60_0;
    %flag_set/vec4 8;
    %jmp/0xz  T_0.0, 8;
    %pushi/vec4 0, 0, 24;
    %assign/vec4 v0x7fe37f01ec70_0, 0;
    %pushi/vec4 0, 0, 24;
    %assign/vec4 v0x7fe37f01eac0_0, 0;
    %pushi/vec4 0, 0, 8;
    %assign/vec4 v0x7fe37f01ea10_0, 0;
    %pushi/vec4 0, 0, 16;
    %assign/vec4 v0x7fe37f01edd0_0, 0;
    %pushi/vec4 0, 0, 2;
    %assign/vec4 v0x7fe37f01f030_0, 0;
    %jmp T_0.1;
T_0.0 ;
    %load/vec4 v0x7fe37f01ebe0_0;
    %cmpi/u 160, 0, 8;
    %flag_or 5, 4; GT is !LE
    %flag_inv 5;
    %jmp/0xz  T_0.2, 5;
    %pushi/vec4 800000, 0, 24;
    %assign/vec4 v0x7fe37f01ec70_0, 0;
    %pushi/vec4 0, 0, 24;
    %assign/vec4 v0x7fe37f01eac0_0, 0;
    %pushi/vec4 200, 0, 8;
    %assign/vec4 v0x7fe37f01ea10_0, 0;
    %pushi/vec4 2000, 0, 16;
    %assign/vec4 v0x7fe37f01edd0_0, 0;
    %pushi/vec4 0, 0, 2;
    %assign/vec4 v0x7fe37f01f030_0, 0;
    %jmp T_0.3;
T_0.2 ;
    %load/vec4 v0x7fe37f01ed40_0;
    %cmpi/u 150, 0, 8;
    %flag_or 5, 4; GT is !LE
    %flag_inv 5;
    %jmp/0xz  T_0.4, 5;
    %pushi/vec4 1200000, 0, 24;
    %assign/vec4 v0x7fe37f01ec70_0, 0;
    %pushi/vec4 400, 0, 24;
    %assign/vec4 v0x7fe37f01eac0_0, 0;
    %pushi/vec4 255, 0, 8;
    %assign/vec4 v0x7fe37f01ea10_0, 0;
    %pushi/vec4 1200, 0, 16;
    %assign/vec4 v0x7fe37f01edd0_0, 0;
    %pushi/vec4 1, 0, 2;
    %assign/vec4 v0x7fe37f01f030_0, 0;
    %jmp T_0.5;
T_0.4 ;
    %load/vec4 v0x7fe37f01ef10_0;
    %cmpi/u 180, 0, 8;
    %flag_or 5, 4; GT is !LE
    %flag_inv 5;
    %jmp/0xz  T_0.6, 5;
    %pushi/vec4 1500000, 0, 24;
    %assign/vec4 v0x7fe37f01ec70_0, 0;
    %pushi/vec4 16776916, 0, 24;
    %assign/vec4 v0x7fe37f01eac0_0, 0;
    %pushi/vec4 230, 0, 8;
    %assign/vec4 v0x7fe37f01ea10_0, 0;
    %pushi/vec4 800, 0, 16;
    %assign/vec4 v0x7fe37f01edd0_0, 0;
    %pushi/vec4 2, 0, 2;
    %assign/vec4 v0x7fe37f01f030_0, 0;
    %jmp T_0.7;
T_0.6 ;
    %pushi/vec4 1000000, 0, 24;
    %assign/vec4 v0x7fe37f01ec70_0, 0;
    %pushi/vec4 0, 0, 24;
    %assign/vec4 v0x7fe37f01eac0_0, 0;
    %pushi/vec4 180, 0, 8;
    %assign/vec4 v0x7fe37f01ea10_0, 0;
    %pushi/vec4 600, 0, 16;
    %assign/vec4 v0x7fe37f01edd0_0, 0;
    %pushi/vec4 0, 0, 2;
    %assign/vec4 v0x7fe37f01f030_0, 0;
T_0.7 ;
T_0.5 ;
T_0.3 ;
T_0.1 ;
    %jmp T_0;
    .thread T_0;
    .scope S_0x7fe37f00d450;
T_1 ;
    %wait E_0x7fe37f00d9a0;
    %load/vec4 v0x7fe37f01de70_0;
    %dup/vec4;
    %pushi/vec4 0, 0, 5;
    %cmp/u;
    %jmp/1 T_1.0, 6;
    %dup/vec4;
    %pushi/vec4 1, 0, 5;
    %cmp/u;
    %jmp/1 T_1.1, 6;
    %dup/vec4;
    %pushi/vec4 2, 0, 5;
    %cmp/u;
    %jmp/1 T_1.2, 6;
    %dup/vec4;
    %pushi/vec4 3, 0, 5;
    %cmp/u;
    %jmp/1 T_1.3, 6;
    %dup/vec4;
    %pushi/vec4 4, 0, 5;
    %cmp/u;
    %jmp/1 T_1.4, 6;
    %dup/vec4;
    %pushi/vec4 5, 0, 5;
    %cmp/u;
    %jmp/1 T_1.5, 6;
    %dup/vec4;
    %pushi/vec4 6, 0, 5;
    %cmp/u;
    %jmp/1 T_1.6, 6;
    %dup/vec4;
    %pushi/vec4 7, 0, 5;
    %cmp/u;
    %jmp/1 T_1.7, 6;
    %dup/vec4;
    %pushi/vec4 8, 0, 5;
    %cmp/u;
    %jmp/1 T_1.8, 6;
    %dup/vec4;
    %pushi/vec4 9, 0, 5;
    %cmp/u;
    %jmp/1 T_1.9, 6;
    %dup/vec4;
    %pushi/vec4 10, 0, 5;
    %cmp/u;
    %jmp/1 T_1.10, 6;
    %dup/vec4;
    %pushi/vec4 11, 0, 5;
    %cmp/u;
    %jmp/1 T_1.11, 6;
    %dup/vec4;
    %pushi/vec4 12, 0, 5;
    %cmp/u;
    %jmp/1 T_1.12, 6;
    %dup/vec4;
    %pushi/vec4 13, 0, 5;
    %cmp/u;
    %jmp/1 T_1.13, 6;
    %dup/vec4;
    %pushi/vec4 14, 0, 5;
    %cmp/u;
    %jmp/1 T_1.14, 6;
    %dup/vec4;
    %pushi/vec4 15, 0, 5;
    %cmp/u;
    %jmp/1 T_1.15, 6;
    %dup/vec4;
    %pushi/vec4 16, 0, 5;
    %cmp/u;
    %jmp/1 T_1.16, 6;
    %dup/vec4;
    %pushi/vec4 17, 0, 5;
    %cmp/u;
    %jmp/1 T_1.17, 6;
    %dup/vec4;
    %pushi/vec4 18, 0, 5;
    %cmp/u;
    %jmp/1 T_1.18, 6;
    %dup/vec4;
    %pushi/vec4 19, 0, 5;
    %cmp/u;
    %jmp/1 T_1.19, 6;
    %dup/vec4;
    %pushi/vec4 20, 0, 5;
    %cmp/u;
    %jmp/1 T_1.20, 6;
    %dup/vec4;
    %pushi/vec4 21, 0, 5;
    %cmp/u;
    %jmp/1 T_1.21, 6;
    %dup/vec4;
    %pushi/vec4 22, 0, 5;
    %cmp/u;
    %jmp/1 T_1.22, 6;
    %dup/vec4;
    %pushi/vec4 23, 0, 5;
    %cmp/u;
    %jmp/1 T_1.23, 6;
    %dup/vec4;
    %pushi/vec4 24, 0, 5;
    %cmp/u;
    %jmp/1 T_1.24, 6;
    %dup/vec4;
    %pushi/vec4 25, 0, 5;
    %cmp/u;
    %jmp/1 T_1.25, 6;
    %dup/vec4;
    %pushi/vec4 26, 0, 5;
    %cmp/u;
    %jmp/1 T_1.26, 6;
    %dup/vec4;
    %pushi/vec4 27, 0, 5;
    %cmp/u;
    %jmp/1 T_1.27, 6;
    %dup/vec4;
    %pushi/vec4 28, 0, 5;
    %cmp/u;
    %jmp/1 T_1.28, 6;
    %dup/vec4;
    %pushi/vec4 29, 0, 5;
    %cmp/u;
    %jmp/1 T_1.29, 6;
    %dup/vec4;
    %pushi/vec4 30, 0, 5;
    %cmp/u;
    %jmp/1 T_1.30, 6;
    %dup/vec4;
    %pushi/vec4 31, 0, 5;
    %cmp/u;
    %jmp/1 T_1.31, 6;
    %pushi/vec4 0, 0, 8;
    %store/vec4 v0x7fe37f01e030_0, 0, 8;
    %jmp T_1.33;
T_1.0 ;
    %pushi/vec4 0, 0, 8;
    %store/vec4 v0x7fe37f01e030_0, 0, 8;
    %jmp T_1.33;
T_1.1 ;
    %pushi/vec4 25, 0, 8;
    %store/vec4 v0x7fe37f01e030_0, 0, 8;
    %jmp T_1.33;
T_1.2 ;
    %pushi/vec4 49, 0, 8;
    %store/vec4 v0x7fe37f01e030_0, 0, 8;
    %jmp T_1.33;
T_1.3 ;
    %pushi/vec4 71, 0, 8;
    %store/vec4 v0x7fe37f01e030_0, 0, 8;
    %jmp T_1.33;
T_1.4 ;
    %pushi/vec4 90, 0, 8;
    %store/vec4 v0x7fe37f01e030_0, 0, 8;
    %jmp T_1.33;
T_1.5 ;
    %pushi/vec4 106, 0, 8;
    %store/vec4 v0x7fe37f01e030_0, 0, 8;
    %jmp T_1.33;
T_1.6 ;
    %pushi/vec4 117, 0, 8;
    %store/vec4 v0x7fe37f01e030_0, 0, 8;
    %jmp T_1.33;
T_1.7 ;
    %pushi/vec4 125, 0, 8;
    %store/vec4 v0x7fe37f01e030_0, 0, 8;
    %jmp T_1.33;
T_1.8 ;
    %pushi/vec4 127, 0, 8;
    %store/vec4 v0x7fe37f01e030_0, 0, 8;
    %jmp T_1.33;
T_1.9 ;
    %pushi/vec4 125, 0, 8;
    %store/vec4 v0x7fe37f01e030_0, 0, 8;
    %jmp T_1.33;
T_1.10 ;
    %pushi/vec4 117, 0, 8;
    %store/vec4 v0x7fe37f01e030_0, 0, 8;
    %jmp T_1.33;
T_1.11 ;
    %pushi/vec4 106, 0, 8;
    %store/vec4 v0x7fe37f01e030_0, 0, 8;
    %jmp T_1.33;
T_1.12 ;
    %pushi/vec4 90, 0, 8;
    %store/vec4 v0x7fe37f01e030_0, 0, 8;
    %jmp T_1.33;
T_1.13 ;
    %pushi/vec4 71, 0, 8;
    %store/vec4 v0x7fe37f01e030_0, 0, 8;
    %jmp T_1.33;
T_1.14 ;
    %pushi/vec4 49, 0, 8;
    %store/vec4 v0x7fe37f01e030_0, 0, 8;
    %jmp T_1.33;
T_1.15 ;
    %pushi/vec4 25, 0, 8;
    %store/vec4 v0x7fe37f01e030_0, 0, 8;
    %jmp T_1.33;
T_1.16 ;
    %pushi/vec4 0, 0, 8;
    %store/vec4 v0x7fe37f01e030_0, 0, 8;
    %jmp T_1.33;
T_1.17 ;
    %pushi/vec4 231, 0, 8;
    %store/vec4 v0x7fe37f01e030_0, 0, 8;
    %jmp T_1.33;
T_1.18 ;
    %pushi/vec4 207, 0, 8;
    %store/vec4 v0x7fe37f01e030_0, 0, 8;
    %jmp T_1.33;
T_1.19 ;
    %pushi/vec4 185, 0, 8;
    %store/vec4 v0x7fe37f01e030_0, 0, 8;
    %jmp T_1.33;
T_1.20 ;
    %pushi/vec4 166, 0, 8;
    %store/vec4 v0x7fe37f01e030_0, 0, 8;
    %jmp T_1.33;
T_1.21 ;
    %pushi/vec4 150, 0, 8;
    %store/vec4 v0x7fe37f01e030_0, 0, 8;
    %jmp T_1.33;
T_1.22 ;
    %pushi/vec4 139, 0, 8;
    %store/vec4 v0x7fe37f01e030_0, 0, 8;
    %jmp T_1.33;
T_1.23 ;
    %pushi/vec4 131, 0, 8;
    %store/vec4 v0x7fe37f01e030_0, 0, 8;
    %jmp T_1.33;
T_1.24 ;
    %pushi/vec4 129, 0, 8;
    %store/vec4 v0x7fe37f01e030_0, 0, 8;
    %jmp T_1.33;
T_1.25 ;
    %pushi/vec4 131, 0, 8;
    %store/vec4 v0x7fe37f01e030_0, 0, 8;
    %jmp T_1.33;
T_1.26 ;
    %pushi/vec4 139, 0, 8;
    %store/vec4 v0x7fe37f01e030_0, 0, 8;
    %jmp T_1.33;
T_1.27 ;
    %pushi/vec4 150, 0, 8;
    %store/vec4 v0x7fe37f01e030_0, 0, 8;
    %jmp T_1.33;
T_1.28 ;
    %pushi/vec4 166, 0, 8;
    %store/vec4 v0x7fe37f01e030_0, 0, 8;
    %jmp T_1.33;
T_1.29 ;
    %pushi/vec4 185, 0, 8;
    %store/vec4 v0x7fe37f01e030_0, 0, 8;
    %jmp T_1.33;
T_1.30 ;
    %pushi/vec4 207, 0, 8;
    %store/vec4 v0x7fe37f01e030_0, 0, 8;
    %jmp T_1.33;
T_1.31 ;
    %pushi/vec4 231, 0, 8;
    %store/vec4 v0x7fe37f01e030_0, 0, 8;
    %jmp T_1.33;
T_1.33 ;
    %pop/vec4 1;
    %jmp T_1;
    .thread T_1, $push;
    .scope S_0x7fe37f00d450;
T_2 ;
    %wait E_0x7fe37f00d960;
    %load/vec4 v0x7fe37f01e0e0_0;
    %flag_set/vec4 8;
    %jmp/0xz  T_2.0, 8;
    %pushi/vec4 0, 0, 24;
    %assign/vec4 v0x7fe37f01ddc0_0, 0;
    %pushi/vec4 0, 0, 24;
    %assign/vec4 v0x7fe37f01dd10_0, 0;
    %pushi/vec4 0, 0, 8;
    %assign/vec4 v0x7fe37f01e180_0, 0;
    %pushi/vec4 0, 0, 1;
    %assign/vec4 v0x7fe37f01e230_0, 0;
    %jmp T_2.1;
T_2.0 ;
    %load/vec4 v0x7fe37f01dbd0_0;
    %flag_set/vec4 8;
    %jmp/0xz  T_2.2, 8;
    %load/vec4 v0x7fe37f01dd10_0;
    %load/vec4 v0x7fe37f01daa0_0;
    %add;
    %assign/vec4 v0x7fe37f01dd10_0, 0;
    %load/vec4 v0x7fe37f01ddc0_0;
    %load/vec4 v0x7fe37f01dd10_0;
    %add;
    %assign/vec4 v0x7fe37f01ddc0_0, 0;
    %load/vec4 v0x7fe37f01e030_0;
    %assign/vec4 v0x7fe37f01e180_0, 0;
    %pushi/vec4 1, 0, 1;
    %assign/vec4 v0x7fe37f01e230_0, 0;
    %jmp T_2.3;
T_2.2 ;
    %load/vec4 v0x7fe37f01dc60_0;
    %assign/vec4 v0x7fe37f01dd10_0, 0;
    %pushi/vec4 0, 0, 24;
    %assign/vec4 v0x7fe37f01ddc0_0, 0;
    %pushi/vec4 0, 0, 1;
    %assign/vec4 v0x7fe37f01e230_0, 0;
T_2.3 ;
T_2.1 ;
    %jmp T_2;
    .thread T_2;
    .scope S_0x7fe37f00d030;
T_3 ;
    %wait E_0x7fe37f00d960;
    %load/vec4 v0x7fe37f01f8f0_0;
    %flag_set/vec4 8;
    %jmp/0xz  T_3.0, 8;
    %pushi/vec4 0, 0, 16;
    %assign/vec4 v0x7fe37f01f630_0, 0;
    %jmp T_3.1;
T_3.0 ;
    %load/vec4 v0x7fe37f01f630_0;
    %load/vec4 v0x7fe37f01f750_0;
    %cmp/u;
    %jmp/0xz  T_3.2, 5;
    %load/vec4 v0x7fe37f01f630_0;
    %addi 1, 0, 16;
    %assign/vec4 v0x7fe37f01f630_0, 0;
    %jmp T_3.3;
T_3.2 ;
    %pushi/vec4 0, 0, 16;
    %assign/vec4 v0x7fe37f01f630_0, 0;
T_3.3 ;
T_3.1 ;
    %jmp T_3;
    .thread T_3;
    .scope S_0x7fe37f00cec0;
T_4 ;
    %pushi/vec4 0, 0, 1;
    %store/vec4 v0x7fe37f01fd00_0, 0, 1;
    %end;
    .thread T_4;
    .scope S_0x7fe37f00cec0;
T_5 ;
    %delay 5000, 0;
    %load/vec4 v0x7fe37f01fd00_0;
    %inv;
    %store/vec4 v0x7fe37f01fd00_0, 0, 1;
    %jmp T_5;
    .thread T_5;
    .scope S_0x7fe37f00cec0;
T_6 ;
    %vpi_call 2 35 "$dumpfile", "adaptive_sonar.vcd" {0 0 0};
    %vpi_call 2 36 "$dumpvars", 32'sb00000000000000000000000000000000, S_0x7fe37f00cec0 {0 0 0};
    %pushi/vec4 1, 0, 1;
    %store/vec4 v0x7fe37f01ffe0_0, 0, 1;
    %pushi/vec4 50, 0, 8;
    %store/vec4 v0x7fe37f01fda0_0, 0, 8;
    %pushi/vec4 50, 0, 8;
    %store/vec4 v0x7fe37f0200b0_0, 0, 8;
    %pushi/vec4 50, 0, 8;
    %store/vec4 v0x7fe37f01fe40_0, 0, 8;
    %delay 20000, 0;
    %pushi/vec4 0, 0, 1;
    %store/vec4 v0x7fe37f01ffe0_0, 0, 1;
    %pushi/vec4 40, 0, 8;
    %store/vec4 v0x7fe37f01fda0_0, 0, 8;
    %pushi/vec4 60, 0, 8;
    %store/vec4 v0x7fe37f0200b0_0, 0, 8;
    %pushi/vec4 30, 0, 8;
    %store/vec4 v0x7fe37f01fe40_0, 0, 8;
    %delay 2000000, 0;
    %pushi/vec4 180, 0, 8;
    %store/vec4 v0x7fe37f01fda0_0, 0, 8;
    %pushi/vec4 60, 0, 8;
    %store/vec4 v0x7fe37f0200b0_0, 0, 8;
    %pushi/vec4 30, 0, 8;
    %store/vec4 v0x7fe37f01fe40_0, 0, 8;
    %delay 2000000, 0;
    %pushi/vec4 40, 0, 8;
    %store/vec4 v0x7fe37f01fda0_0, 0, 8;
    %pushi/vec4 60, 0, 8;
    %store/vec4 v0x7fe37f0200b0_0, 0, 8;
    %pushi/vec4 200, 0, 8;
    %store/vec4 v0x7fe37f01fe40_0, 0, 8;
    %delay 2000000, 0;
    %pushi/vec4 40, 0, 8;
    %store/vec4 v0x7fe37f01fda0_0, 0, 8;
    %pushi/vec4 220, 0, 8;
    %store/vec4 v0x7fe37f0200b0_0, 0, 8;
    %pushi/vec4 30, 0, 8;
    %store/vec4 v0x7fe37f01fe40_0, 0, 8;
    %delay 2000000, 0;
    %pushi/vec4 40, 0, 8;
    %store/vec4 v0x7fe37f01fda0_0, 0, 8;
    %pushi/vec4 60, 0, 8;
    %store/vec4 v0x7fe37f0200b0_0, 0, 8;
    %pushi/vec4 30, 0, 8;
    %store/vec4 v0x7fe37f01fe40_0, 0, 8;
    %delay 2000000, 0;
    %vpi_call 2 61 "$finish" {0 0 0};
    %end;
    .thread T_6;
    .scope S_0x7fe37f00cec0;
T_7 ;
    %vpi_call 2 65 "$monitor", "t=%0t depth=%0d noise=%0d salinity=%0d mode=%0d addr=%0d sample=%0d", $time, v0x7fe37f01fda0_0, v0x7fe37f01fe40_0, v0x7fe37f0200b0_0, v0x7fe37f0202e0_0, v0x7fe37f01ff10_0, v0x7fe37f020180_0 {0 0 0};
    %end;
    .thread T_7;
# The file index is used to find the file name in the following table.
:file_names 6;
    "N/A";
    "<interactive>";
    "tb/tb_adaptive_sonar.v";
    "rtl/adaptive_sonar_top.v";
    "rtl/dds_waveform_gen.v";
    "rtl/param_controller.v";
